// Jest Snapshot v1, https://goo.gl/fbAQLP

exports[`NewsArticle renders an article utilizing available data 1`] = `ShallowWrapper {}`;
