// Jest Snapshot v1, https://goo.gl/fbAQLP

exports[`Menu renders the baseline menu structure 1`] = `ShallowWrapper {}`;
